[backblue.gif]
[fade.gif]
[index.html]
[icrebtp-rhone.fr/index.html]
[icrebtp-rhone.fr/comments/feed/index.html]
[icrebtp-rhone.fr/feed/index.html]
[icrebtp-rhone.fr/wp-content/themes/astra/assets/css/minified/main.minf3df.css]
[icrebtp-rhone.fr/wp-content/plugins/elementor/assets/lib/eicons/css/elementor-icons.mind54b.css]
[icrebtp-rhone.fr/wp-content/plugins/elementor/assets/css/frontend.mince8e.css]
[icrebtp-rhone.fr/wp-content/plugins/elementor/assets/lib/swiper/v8/css/swiper.min94a4.css]
[icrebtp-rhone.fr/wp-content/uploads/elementor/css/post-22b428.css]
[icrebtp-rhone.fr/xmlrpc0db0.php]
[icrebtp-rhone.fr/wp-json/index.html]
[icrebtp-rhone.fr/wp-content/plugins/elementor-pro/assets/css/frontend.min6b00.css]
[icrebtp-rhone.fr/wp-json/wp/v2/pages/8]
[icrebtp-rhone.fr/wp-json/oembed/1.0/embed3a16]
[icrebtp-rhone.fr/wp-content/uploads/elementor/css/globalb428.css]
[icrebtp-rhone.fr/wp-json/oembed/1.0/embed5afc]
[icrebtp-rhone.fr/wp-content/uploads/2021/04/favicon-icre-150x150.png]
[icrebtp-rhone.fr/wp-content/uploads/2021/04/favicon-icre.png]
[icrebtp-rhone.fr/wp-content/uploads/2021/04/Logo-ICRE-BTP-du-Rhone-.jpg]
[icrebtp-rhone.fr/wp-content/uploads/elementor/css/post-879e0.css]
[icrebtp-rhone.fr/wp-content/uploads/elementor/css/post-40fdf7.css]
[icrebtp-rhone.fr/wp-content/uploads/elementor/css/post-452fdf7.css]
[icrebtp-rhone.fr/wp-content/uploads/2021/04/Remote-team-pana-1024x1024-1-1024x1024.png]
[icrebtp-rhone.fr/wp-content/plugins/elementor/assets/lib/font-awesome/css/fontawesome.min52d5.css]
[icrebtp-rhone.fr/wp-content/uploads/2021/06/SABEKO-recadr‚e-Portrait-Sabeko-Web-4-e1628063813911.jpg]
[icrebtp-rhone.fr/wp-content/uploads/2021/06/MORENO-Jean-Luc-Photo-1-recadr‚e-.jpg]
[icrebtp-rhone.fr/wp-content/plugins/elementor/assets/lib/font-awesome/css/regular.min52d5.css]
[icrebtp-rhone.fr/wp-content/uploads/2021/06/4-OK-Recadree-Photo-Odile-VAN-KOTE-14-06-21--943x1024.jpg]
[icrebtp-rhone.fr/wp-content/uploads/2021/08/MALOT-Pierre-retravaill‚e-.jpg]
[icrebtp-rhone.fr/wp-content/plugins/elementor/assets/lib/font-awesome/css/solid.min52d5.css]
[icrebtp-rhone.fr/wp-content/uploads/2021/04/arthur_brac_de_la_perriere_portrait-orange--1024x1024.jpg]
[icrebtp-rhone.fr/wp-content/plugins/elementor/assets/lib/font-awesome/css/brands.min52d5.css]
[www.googletagmanager.com/gtm5445.js]
[icrebtp-rhone.fr/wp-content/uploads/2021/04/2021-logo-afabat_Q-1024x668.jpg]
[icrebtp-rhone.fr/wp-content/uploads/2021/09/Logo-Rendez-vous-pro-2021-09-24-1--300x289.jpg]
[icrebtp-rhone.fr/qui-sommes-nous/index.html]
[icrebtp-rhone.fr/wp-content/uploads/2021/04/2021-Logo-AXA-Logo-Axa.png]
[icrebtp-rhone.fr/wp-content/uploads/2021/06/Logo-BP-AURA.png]
[icrebtp-rhone.fr/wp-content/uploads/2021/04/2021-Logo-BigMat_GIRARDON_Vertical-1024x685.jpg]
[icrebtp-rhone.fr/nos-services/index.html]
[icrebtp-rhone.fr/wp-content/uploads/2021/04/2021-LOGO-CAPEB-RHONE-et-GRAND-LYON--1024x450.jpg]
[icrebtp-rhone.fr/wp-content/uploads/2021/04/2021-Logo-OK-ca-Centre_Est-v-RVB-1024x730.png]
[icrebtp-rhone.fr/wp-content/uploads/2021/04/2021-Logo-FIDUCIAL-Expertise-.jpg]
[icrebtp-rhone.fr/temoignages/index.html]
[icrebtp-rhone.fr/wp-content/uploads/2021/04/2020-Logo-OH-MY-COM.png]
[icrebtp-rhone.fr/wp-content/uploads/2021/04/2021-Logo-GROUPAMA-GRAA_Quad-f‚vrier-2021--1024x410.jpg]
[icrebtp-rhone.fr/nos-partenaires/index.html]
[icrebtp-rhone.fr/wp-content/uploads/2021/04/2021-Logo-Pyramide-haute-r‚solution-1024x331.jpg]
[icrebtp-rhone.fr/actualites/index.html]
[icrebtp-rhone.fr/wp-content/uploads/2021/06/Logo-SOCAMA-AURA.png]
[icrebtp-rhone.fr/contact/index.html]
[icrebtp-rhone.fr/wp-content/themes/astra/assets/js/minified/frontend.minf3df.js]
[icrebtp-rhone.fr/https-icrebtp-rhone-fr-l-icre-btp-ddu-rhone-vous-invite-vendredi-24-septembre-2021/index.html]
[icrebtp-rhone.fr/wp-includes/js/jquery/jquery.minf43b.js]
[icrebtp-rhone.fr/wp-includes/js/jquery/jquery-migrate.min5589.js]
[icrebtp-rhone.fr/mentions-legales/index.html]
[icrebtp-rhone.fr/wp-content/plugins/elementor-pro/assets/lib/smartmenus/jquery.smartmenus.minf269.js]
[icrebtp-rhone.fr/wp-content/plugins/elementor/assets/lib/jquery-numerator/jquery-numerator.min3958.js]
[icrebtp-rhone.fr/wp-content/uploads/elementor/css/post-84fdf7.css]
[icrebtp-rhone.fr/wp-includes/js/imagesloaded.minbb93.js]
[icrebtp-rhone.fr/wp-content/plugins/elementor-pro/assets/js/webpack-pro.runtime.min6b00.js]
[icrebtp-rhone.fr/wp-content/plugins/elementor/assets/js/webpack.runtime.mince8e.js]
[icrebtp-rhone.fr/wp-content/plugins/elementor/assets/js/frontend-modules.mince8e.js]
[icrebtp-rhone.fr/wp-content/plugins/elementor-pro/assets/js/frontend.min6b00.js]
[icrebtp-rhone.fr/wp-content/plugins/elementor/assets/lib/waypoints/waypoints.min05da.js]
[icrebtp-rhone.fr/wp-includes/js/jquery/ui/core.min3f14.js]
[icrebtp-rhone.fr/wp-content/plugins/elementor/assets/js/frontend.mince8e.js]
[icrebtp-rhone.fr/wp-content/plugins/elementor-pro/assets/js/elements-handlers.min6b00.js]
[icrebtp-rhone.fr/wp-content/plugins/elementor/assets/lib/eicons/fonts/eicons8016.eot]
[icrebtp-rhone.fr/wp-content/plugins/elementor/assets/lib/eicons/fonts/eicons8016.woff]
[icrebtp-rhone.fr/wp-content/plugins/elementor/assets/lib/eicons/fonts/eicons8016.ttf]
[icrebtp-rhone.fr/wp-content/plugins/elementor/assets/lib/font-awesome/webfonts/fa-regular-400.eot]
[icrebtp-rhone.fr/wp-content/uploads/2021/08/Photo-accueil.png]
[icrebtp-rhone.fr/wp-content/plugins/elementor/assets/lib/eicons/fonts/eicons8016.woff2]
[icrebtp-rhone.fr/wp-content/plugins/elementor/assets/lib/font-awesome/webfonts/fa-regular-400d41d.eot]
[icrebtp-rhone.fr/wp-content/plugins/elementor/assets/lib/font-awesome/webfonts/fa-regular-400.woff]
[icrebtp-rhone.fr/wp-content/plugins/elementor/assets/lib/font-awesome/webfonts/fa-regular-400.ttf]
[icrebtp-rhone.fr/wp-content/plugins/elementor/assets/lib/eicons/fonts/eicons8016.svg]
[icrebtp-rhone.fr/wp-content/plugins/elementor/assets/lib/font-awesome/webfonts/fa-solid-900.eot]
[icrebtp-rhone.fr/wp-content/plugins/elementor/assets/lib/font-awesome/webfonts/fa-solid-900d41d.eot]
[icrebtp-rhone.fr/wp-content/plugins/elementor/assets/lib/font-awesome/webfonts/fa-regular-400.woff2]
[icrebtp-rhone.fr/wp-content/plugins/elementor/assets/lib/font-awesome/webfonts/fa-solid-900.woff]
[icrebtp-rhone.fr/wp-content/plugins/elementor/assets/lib/font-awesome/webfonts/fa-regular-400.svg]
[icrebtp-rhone.fr/wp-content/plugins/elementor/assets/lib/font-awesome/webfonts/fa-solid-900.ttf]
[icrebtp-rhone.fr/wp-content/plugins/elementor/assets/lib/font-awesome/webfonts/fa-solid-900.woff2]
[icrebtp-rhone.fr/wp-content/plugins/elementor/assets/lib/font-awesome/webfonts/fa-brands-400.eot]
[icrebtp-rhone.fr/wp-content/plugins/elementor/assets/lib/font-awesome/webfonts/fa-brands-400d41d.eot]
[icrebtp-rhone.fr/wp-content/plugins/elementor/assets/lib/font-awesome/webfonts/fa-brands-400.woff]
[icrebtp-rhone.fr/wp-content/plugins/elementor/assets/lib/font-awesome/webfonts/fa-brands-400.ttf]
[icrebtp-rhone.fr/wp-json/wp/v2/pages/11]
[icrebtp-rhone.fr/wp-json/oembed/1.0/embed191c]
[icrebtp-rhone.fr/wp-content/plugins/elementor/assets/lib/font-awesome/webfonts/fa-solid-900.svg]
[icrebtp-rhone.fr/wp-content/uploads/2021/08/VAN-KOTE-Odile.jpg]
[icrebtp-rhone.fr/wp-content/plugins/elementor/assets/lib/font-awesome/webfonts/fa-brands-400.woff2]
[icrebtp-rhone.fr/wp-content/uploads/2021/08/Logo-2021-Juillet-CNATP-HD-2.jpg]
[icrebtp-rhone.fr/wp-content/plugins/elementor/assets/lib/font-awesome/webfonts/fa-brands-400.svg]
[icrebtp-rhone.fr/wp-json/oembed/1.0/embedf913]
[icrebtp-rhone.fr/wp-content/uploads/2021/04/user-blanc.png]
[icrebtp-rhone.fr/wp-content/uploads/elementor/css/post-113fea.css]
[icrebtp-rhone.fr/index5757.html]
[icrebtp-rhone.fr/wp-content/uploads/2021/08/Arthur_BRAC-DE-LA-PERRIERE-1024x1024.jpg]
[icrebtp-rhone.fr/wp-content/uploads/2021/08/CHAPELLIER-Jerome-778x1024.jpg]
[icrebtp-rhone.fr/wp-content/uploads/2021/08/FORNES-Sylvain-878x1024.jpg]
[icrebtp-rhone.fr/wp-content/uploads/2021/08/LABROSSE-Stephane-894x1024.jpg]
[icrebtp-rhone.fr/contact]
[icrebtp-rhone.fr/wp-content/uploads/2021/08/LAURENT-Thierry.jpg]
[icrebtp-rhone.fr/wp-content/uploads/2021/08/MADRID-Laurent-829x1024.jpg]
[icrebtp-rhone.fr/wp-content/uploads/2021/08/SOTTON-Vincent-786x1024.jpg]
[icrebtp-rhone.fr/wp-content/uploads/2021/08/PARRET-Laurent-768x1024.jpg]
[icrebtp-rhone.fr/wp-content/uploads/2021/08/THORAL-Fabrice-1024x857.jpg]
[icrebtp-rhone.fr/wp-json/wp/v2/pages/9]
[icrebtp-rhone.fr/wp-json/oembed/1.0/embed08d4]
[icrebtp-rhone.fr/wp-content/uploads/elementor/css/post-437fdf7.css]
[icrebtp-rhone.fr/wp-content/uploads/elementor/css/post-90196.css]
[icrebtp-rhone.fr/wp-content/uploads/2021/04/idea.png]
[icrebtp-rhone.fr/wp-content/uploads/2021/04/technician.png]
[icrebtp-rhone.fr/wp-json/oembed/1.0/embedbff6]
[icrebtp-rhone.fr/indexb5fb.html]
[icrebtp-rhone.fr/wp-content/uploads/2021/04/euro.png]
[icrebtp-rhone.fr/wp-content/uploads/elementor/css/post-4270c5d.css]
[icrebtp-rhone.fr/wp-json/oembed/1.0/embed81aa]
[icrebtp-rhone.fr/wp-json/wp/v2/pages/427]
[icrebtp-rhone.fr/wp-json/oembed/1.0/embed742d]
[icrebtp-rhone.fr/indexa942.html]
[icrebtp-rhone.fr/wp-content/uploads/2021/08/LAGRANGE-PE-et-THIENOT-F-retravaill‚e--scaled.jpg]
[icrebtp-rhone.fr/wp-content/uploads/2021/08/QUETTIER-BenoOEt-retravaill‚e-RAKOR-PLOMBERIE.jpg]
[icrebtp-rhone.fr/temoignage-de-pierre-emmanuel-lagrange-et-florent-thienot/index.html]
[icrebtp-rhone.fr/temoignage-de-benoit-quettier/index.html]
[icrebtp-rhone.fr/temoignage-de-benjamin-et-samuel-kohen/index.html]
[icrebtp-rhone.fr/temoignage-de-jean-luc-moreno/index.html]
[icrebtp-rhone.fr/wp-json/oembed/1.0/embed903c]
[icrebtp-rhone.fr/wp-json/wp/v2/pages/10]
[icrebtp-rhone.fr/temoignage-pierre-malot/index.html]
[icrebtp-rhone.fr/wp-json/oembed/1.0/embedd3fa]
[icrebtp-rhone.fr/wp-json/wp/v2/pages/13]
[icrebtp-rhone.fr/wp-json/oembed/1.0/embedf875]
[icrebtp-rhone.fr/wp-content/uploads/elementor/css/post-10364b.css]
[icrebtp-rhone.fr/wp-json/oembed/1.0/embedc141]
[icrebtp-rhone.fr/index64b4.html]
[icrebtp-rhone.fr/https-icrebtp-rhone-fr-l-icre-btp-ddu-rhone-vous-invite-vendredi-24-septembre-2021/feed/index.html]
[icrebtp-rhone.fr/wp-content/uploads/elementor/css/post-814083.css]
[icrebtp-rhone.fr/wp-json/wp/v2/posts/67]
[icrebtp-rhone.fr/wp-json/oembed/1.0/embed2f07]
[icrebtp-rhone.fr/wp-content/uploads/elementor/css/post-131c6f.css]
[icrebtp-rhone.fr/wp-json/oembed/1.0/embedb2aa]
[icrebtp-rhone.fr/index2dc4.html]
[icrebtp-rhone.fr/wp-content/uploads/2021/08/LAGRANGE-PE-et-THIENOT-F-retravaill‚e--250x300.jpg]
[icrebtp-rhone.fr/wp-content/uploads/2021/09/Logo-Rendez-vous-pro-2021-09-24-1--1024x986.jpg]
[icrebtp-rhone.fr/wp-content/uploads/elementor/css/post-6766cb.css]
[icrebtp-rhone.fr/wp-content/uploads/2021/06/SABEKO-recadr‚e-Portrait-Sabeko-Web-4-e1628063813911-292x300.jpg]
[icrebtp-rhone.fr/wp-content/uploads/2021/08/QUETTIER-BenoOEt-retravaill‚e-RAKOR-PLOMBERIE-300x242.jpg]
[icrebtp-rhone.fr/wp-content/uploads/elementor/css/post-9235b8.css]
[icrebtp-rhone.fr/index96f1.html]
[icrebtp-rhone.fr/xmlrpc.php]
[icrebtp-rhone.fr/wp-json/oembed/1.0/embedf4d8]
[icrebtp-rhone.fr/wp-json/wp/v2/pages/14]
[icrebtp-rhone.fr/category/actualite/index.html]
[icrebtp-rhone.fr/wp-json/oembed/1.0/embed3586]
[icrebtp-rhone.fr/wp-content/uploads/elementor/css/post-140649.css]
[icrebtp-rhone.fr/index0b69.html]
[icrebtp-rhone.fr/temoignage-de-pierre-emmanuel-lagrange-et-florent-thienot/feed/index.html]
[icrebtp-rhone.fr/wp-json/oembed/1.0/embed1af7]
[icrebtp-rhone.fr/wp-content/uploads/elementor/css/post-58121f5.css]
[icrebtp-rhone.fr/wp-json/wp/v2/posts/581]
[icrebtp-rhone.fr/wp-content/uploads/2021/08/Logo-CARRE-CREATION--945x1024.png]
[icrebtp-rhone.fr/wp-json/oembed/1.0/embed449f]
[icrebtp-rhone.fr/wp-content/uploads/elementor/css/post-389fdf7.css]
[icrebtp-rhone.fr/wp-content/uploads/2021/08/LAGRANGE-PE-et-THIENOT-F-retravaill‚e--854x1024.jpg]
[icrebtp-rhone.fr/wp-includes/js/comment-reply.min84fc.js]
[icrebtp-rhone.fr/index84df.html]
[icrebtp-rhone.fr/temoignage-de-benoit-quettier/feed/index.html]
[icrebtp-rhone.fr/category/temoignage/index.html]
[icrebtp-rhone.fr/wp-json/wp/v2/posts/580]
[icrebtp-rhone.fr/wp-json/oembed/1.0/embedde89]
[icrebtp-rhone.fr/wp-json/oembed/1.0/embed4653]
[icrebtp-rhone.fr/wp-content/uploads/2021/08/Logo-RAKOR-PLOMBERIE-.png]
[icrebtp-rhone.fr/wp-content/uploads/elementor/css/post-580fdf7.css]
[icrebtp-rhone.fr/wp-content/uploads/2021/08/QUETTIER-BenoOEt-retravaill‚e-RAKOR-PLOMBERIE-1024x826.jpg]
[icrebtp-rhone.fr/index5b8d.html]
[icrebtp-rhone.fr/temoignage-de-benjamin-et-samuel-kohen/feed/index.html]
[icrebtp-rhone.fr/wp-json/wp/v2/posts/399]
[icrebtp-rhone.fr/wp-content/uploads/elementor/css/post-399e9e4.css]
[icrebtp-rhone.fr/wp-content/uploads/2021/06/SABEKO-Logo-SABEKO-couleur-vectoris‚.jpg]
[icrebtp-rhone.fr/wp-content/uploads/2021/06/SABEKO-recadr‚e-Portrait-Sabeko-Web-4-e1628063813911-996x1024.jpg]
[icrebtp-rhone.fr/wp-json/oembed/1.0/embed9008]
[icrebtp-rhone.fr/index0945.html]
[icrebtp-rhone.fr/wp-json/oembed/1.0/embed06c2]
[icrebtp-rhone.fr/temoignage-de-jean-luc-moreno/feed/index.html]
[icrebtp-rhone.fr/wp-content/uploads/elementor/css/post-394abaa.css]
[icrebtp-rhone.fr/wp-json/oembed/1.0/embed4d6c]
[icrebtp-rhone.fr/wp-content/uploads/2021/06/MORENO-Jean-Luc-DELTA-CONSTRUCTION-PARTNERS-LOGO-DCP.jpg]
[icrebtp-rhone.fr/wp-json/wp/v2/posts/394]
[icrebtp-rhone.fr/index51fe.html]
[icrebtp-rhone.fr/wp-content/uploads/2021/06/MORENO-Jean-Luc-Photo-1-recadr‚e--1024x869.jpg]
[icrebtp-rhone.fr/wp-json/oembed/1.0/embedbe0c]
[icrebtp-rhone.fr/temoignage-pierre-malot/feed/index.html]
[icrebtp-rhone.fr/wp-content/uploads/elementor/css/post-637fc7.css]
[icrebtp-rhone.fr/wp-json/wp/v2/posts/63]
[icrebtp-rhone.fr/wp-json/oembed/1.0/embedef42]
[icrebtp-rhone.fr/wp-content/uploads/2021/04/image2.jpeg]
[icrebtp-rhone.fr/wp-json/oembed/1.0/embed5ad9]
[icrebtp-rhone.fr/index2cce.html]
[icrebtp-rhone.fr/wp-json/wp/v2/categories/5]
[icrebtp-rhone.fr/category/actualite/feed/index.html]
[icrebtp-rhone.fr/wp-json/wp/v2/categories/4]
[icrebtp-rhone.fr/category/temoignage/feed/index.html]
